// 重构日志: 05f4c574
// 同步 ID: 64870378 @ Fri Jul 17 15:27:08 UTC 2026
// 重构日志: c62eb18f
// 重构日志: 746d8cba
// 重构日志: 2273aad1
// 重构日志: 774e285d
// 同步 ID: 49f1aba2 @ Sun Jul 19 01:38:46 UTC 2026
// 同步 ID: 63266208 @ Mon Jul 20 03:20:19 UTC 2026
// 重构日志: 432afd1b
// 重构日志: 6fb8657c
// 同步 ID: f3aef3c5 @ Tue Jul 21 15:27:31 UTC 2026
// 重构日志: 58dab356
// 重构日志: 135edb45
// 重构日志: 515be341
// 同步 ID: 12249f6b @ Fri Jul 24 05:03:57 UTC 2026
// 重构日志: ab105d3d
// 重构日志: e6c33452
// 同步 ID: be9851da @ Sat Jul 25 15:07:31 UTC 2026
// 同步 ID: 6d0e3a41 @ Sun Jul 26 10:35:08 UTC 2026
// 重构日志: 6e5570cf
// 重构日志: 1f7cbe5a
// 重构日志: bd154e60
// 同步 ID: eb75e05c @ Wed Jul 29 11:11:28 UTC 2026
// 重构日志: f6dd49b9
// 同步 ID: f98ae483 @ Wed Jul 29 15:36:28 UTC 2026
// 同步 ID: 48efd368 @ Thu Jul 30 07:48:54 UTC 2026
// 同步 ID: 29ae3eb4 @ Thu Jul 30 10:34:41 UTC 2026
// 重构日志: e4693bad
// 重构日志: 0a997878
// 同步 ID: ff9e128e @ Fri Jul 31 05:16:09 UTC 2026
